******************************************************************************
             TMS320C2000 Linker PC v22.6.0                     
******************************************************************************
>> Linked Mon Mar 20 19:30:25 2023

OUTPUT FILE NAME:   <HVPM_Sensorless.out>
ENTRY POINT SYMBOL: "_c_int00"  address: 000090f5


MEMORY CONFIGURATION

         name            origin    length      used     unused   attr    fill
----------------------  --------  ---------  --------  --------  ----  --------
PAGE 0:
  BEGIN                 00000000   00000002  00000002  00000000  RWIX
  BOOT_RSVD             00000002   0000004e  00000000  0000004e  RWIX
  RAMM0                 00000050   000003b0  00000253  0000015d  RWIX
  progRAM               00008000   00001800  000013c7  00000439  RWIX
  IQTABLES              003fe000   00000b50  00000b50  00000000  RWIX
  IQTABLES2             003feb50   0000008c  00000000  0000008c  RWIX
  IQTABLES3             003febdc   000000aa  00000000  000000aa  RWIX
  BOOTROM               003ff27c   00000d44  00000000  00000d44  RWIX
  RESET                 003fffc0   00000002  00000000  00000002  RWIX

PAGE 1:
  RAMM1                 00000480   00000380  00000380  00000000  RWIX
  DEV_EMU               00000880   00000105  00000004  00000101  RWIX
  SYS_PWR_CTL           00000985   00000003  00000003  00000000  RWIX
  FLASH_REGS            00000a80   00000060  00000008  00000058  RWIX
  CSM                   00000ae0   00000010  00000010  00000000  RWIX
  ADC_RESULT            00000b00   00000020  00000020  00000000  RWIX
  CPU_TIMER0            00000c00   00000008  00000008  00000000  RWIX
  CPU_TIMER1            00000c08   00000008  00000008  00000000  RWIX
  CPU_TIMER2            00000c10   00000008  00000008  00000000  RWIX
  PIE_CTRL              00000ce0   00000020  0000001a  00000006  RWIX
  PIE_VECT              00000d00   00000100  00000100  00000000  RWIX
  CLA1                  00001400   00000080  00000040  00000040  RWIX
  CLA_CPU_MSGRAM        00001480   00000080  00000000  00000080  RWIX
  CPU_CLA_MSGRAM        00001500   00000080  00000000  00000080  RWIX
  ECANA                 00006000   00000040  00000034  0000000c  RWIX
  ECANA_LAM             00006040   00000040  00000040  00000000  RWIX
  ECANA_MOTS            00006080   00000040  00000040  00000000  RWIX
  ECANA_MOTO            000060c0   00000040  00000040  00000000  RWIX
  ECANA_MBOX            00006100   00000100  00000100  00000000  RWIX
  COMP1                 00006400   00000020  00000011  0000000f  RWIX
  COMP2                 00006420   00000020  00000011  0000000f  RWIX
  COMP3                 00006440   00000020  00000011  0000000f  RWIX
  EPWM1                 00006800   00000040  0000003a  00000006  RWIX
  EPWM2                 00006840   00000040  0000003a  00000006  RWIX
  EPWM3                 00006880   00000040  0000003a  00000006  RWIX
  EPWM4                 000068c0   00000040  0000003a  00000006  RWIX
  EPWM5                 00006900   00000040  0000003a  00000006  RWIX
  EPWM6                 00006940   00000040  0000003a  00000006  RWIX
  EPWM7                 00006980   00000040  0000003a  00000006  RWIX
  ECAP1                 00006a00   00000020  00000020  00000000  RWIX
  EQEP1                 00006b00   00000040  00000040  00000000  RWIX
  LINA                  00006c00   00000080  0000004a  00000036  RWIX
  GPIOCTRL              00006f80   00000040  00000040  00000000  RWIX
  GPIODAT               00006fc0   00000020  00000020  00000000  RWIX
  GPIOINT               00006fe0   00000020  0000000c  00000014  RWIX
  SYSTEM                00007010   00000020  00000020  00000000  RWIX
  SPIA                  00007040   00000010  00000010  00000000  RWIX
  SCIA                  00007050   00000010  00000010  00000000  RWIX
  NMIINTRUPT            00007060   00000010  00000010  00000000  RWIX
  XINTRUPT              00007070   00000010  00000010  00000000  RWIX
  ADC                   00007100   00000080  00000050  00000030  RWIX
  SPIB                  00007740   00000010  00000010  00000000  RWIX
  I2CA                  00007900   00000040  00000022  0000001e  RWIX
  dataRAM               00009800   00000800  0000054b  000002b5  RWIX
  PARTID                003d7e80   00000001  00000001  00000000  RWIX
  CSM_PWL               003f7ff8   00000008  00000008  00000000  RWIX


SECTION ALLOCATION MAP

 output                                  attributes/
section   page    origin      length       input sections
--------  ----  ----------  ----------   ----------------
codestart 
*          0    00000000    00000002     
                  00000000    00000002     DSP2803x_CodeStartBranch.obj (codestart)

.cinit     0    00000050    0000024f     
                  00000050    000001d7     HVPM_Sensorless.obj (.cinit)
                  00000227    00000013     HVPM_Sensorless.obj (.cinit:_ACQPS)
                  0000023a    00000013     HVPM_Sensorless.obj (.cinit:_ChSel)
                  0000024d    00000013     HVPM_Sensorless.obj (.cinit:_TrigSel)
                  00000260    00000013     HVPM_Sensorless.obj (.cinit:_ePWM)
                  00000273    0000000e     rts2800_ml.lib : exit.c.obj (.cinit)
                  00000281    00000007     HVPM_Sensorless.obj (.cinit:_eCAP)
                  00000288    00000007     HVPM_Sensorless.obj (.cinit:_eQEP)
                  0000028f    00000005     rts2800_ml.lib : _lock.c.obj (.cinit:__lock)
                  00000294    00000005                    : _lock.c.obj (.cinit:__unlock)
                  00000299    00000004                    : errno.c.obj (.cinit)
                  0000029d    00000002     --HOLE-- [fill = 0]

ramfuncs   0    0000029f    00000004     
                  0000029f    00000004     DSP2803x_usDelay.obj (ramfuncs)

.text      0    00008000    000012ef     
                  00008000    00000713     HVPM_Sensorless.obj (.text)
                  00008713    000004fc     HVPM_Sensorless.obj (.text:retain)
                  00008c0f    000001bd     HVPM_Sensorless-DevInit_F2803x.obj (.text)
                  00008dcc    00000151     rts2800_ml.lib : e_expf.c.obj (.text)
                  00008f1d    00000083                    : fd_mpy28.asm.obj (.text)
                  00008fa0    00000083                    : fs_div28.asm.obj (.text)
                  00009023    00000078                    : fs_add28.asm.obj (.text)
                  0000909b    0000005a                    : fs_mpy28.asm.obj (.text)
                  000090f5    00000054                    : boot28.asm.obj (.text)
                  00009149    0000004b     DLOG4CHC.obj (.text)
                  00009194    00000029     rts2800_ml.lib : exit.c.obj (.text)
                  000091bd    00000029                    : fs_tol28.asm.obj (.text)
                  000091e6    00000024                    : cpy_tbl.c.obj (.text)
                  0000920a    0000001f                    : fd_tol28.asm.obj (.text)
                  00009229    0000001d                    : fs_tou28.asm.obj (.text)
                  00009246    0000001d                    : memcpy.c.obj (.text)
                  00009263    0000001c                    : fs_tofd28.asm.obj (.text)
                  0000927f    0000001a                    : l_tofs28.asm.obj (.text)
                  00009299    00000017                    : fs_cmp28.asm.obj (.text)
                  000092b0    00000011                    : args_main.c.obj (.text)
                  000092c1    00000010                    : u_tofs28.asm.obj (.text)
                  000092d1    00000009                    : _lock.c.obj (.text)
                  000092da    00000008     DSP2803x_CodeStartBranch.obj (.text)
                  000092e2    00000005     HVPM_Sensorless-DevInit_F2803x.obj (.text:retain)
                  000092e7    00000005     rts2800_ml.lib : fs_neg28.asm.obj (.text)
                  000092ec    00000002                    : pre_init.c.obj (.text)
                  000092ee    00000001                    : startup.c.obj (.text)

DevEmuRegsFile 
*          1    00000880    00000004     UNINITIALIZED
                  00000880    00000004     DSP2803x_GlobalVariableDefs.obj (DevEmuRegsFile)

SysPwrCtrlRegsFile 
*          1    00000985    00000003     UNINITIALIZED
                  00000985    00000003     DSP2803x_GlobalVariableDefs.obj (SysPwrCtrlRegsFile)

FlashRegsFile 
*          1    00000a80    00000008     UNINITIALIZED
                  00000a80    00000008     DSP2803x_GlobalVariableDefs.obj (FlashRegsFile)

CsmRegsFile 
*          1    00000ae0    00000010     UNINITIALIZED
                  00000ae0    00000010     DSP2803x_GlobalVariableDefs.obj (CsmRegsFile)

AdcResultFile 
*          1    00000b00    00000020     UNINITIALIZED
                  00000b00    00000020     DSP2803x_GlobalVariableDefs.obj (AdcResultFile)

CpuTimer0RegsFile 
*          1    00000c00    00000008     UNINITIALIZED
                  00000c00    00000008     DSP2803x_GlobalVariableDefs.obj (CpuTimer0RegsFile)

CpuTimer1RegsFile 
*          1    00000c08    00000008     UNINITIALIZED
                  00000c08    00000008     DSP2803x_GlobalVariableDefs.obj (CpuTimer1RegsFile)

CpuTimer2RegsFile 
*          1    00000c10    00000008     UNINITIALIZED
                  00000c10    00000008     DSP2803x_GlobalVariableDefs.obj (CpuTimer2RegsFile)

PieCtrlRegsFile 
*          1    00000ce0    0000001a     UNINITIALIZED
                  00000ce0    0000001a     DSP2803x_GlobalVariableDefs.obj (PieCtrlRegsFile)

PieVectTableFile 
*          1    00000d00    00000100     UNINITIALIZED
                  00000d00    00000100     DSP2803x_GlobalVariableDefs.obj (PieVectTableFile)

EmuKeyVar 
*          1    00000d00    00000001     UNINITIALIZED
                  00000d00    00000001     DSP2803x_GlobalVariableDefs.obj (EmuKeyVar)

EmuBModeVar 
*          1    00000d01    00000001     UNINITIALIZED
                  00000d01    00000001     DSP2803x_GlobalVariableDefs.obj (EmuBModeVar)

FlashCallbackVar 
*          1    00000d02    00000002     UNINITIALIZED
                  00000d02    00000002     DSP2803x_GlobalVariableDefs.obj (FlashCallbackVar)

FlashScalingVar 
*          1    00000d04    00000002     UNINITIALIZED
                  00000d04    00000002     DSP2803x_GlobalVariableDefs.obj (FlashScalingVar)

Cla1RegsFile 
*          1    00001400    00000040     UNINITIALIZED
                  00001400    00000040     DSP2803x_GlobalVariableDefs.obj (Cla1RegsFile)

ECanaRegsFile 
*          1    00006000    00000034     UNINITIALIZED
                  00006000    00000034     DSP2803x_GlobalVariableDefs.obj (ECanaRegsFile)

ECanaLAMRegsFile 
*          1    00006040    00000040     UNINITIALIZED
                  00006040    00000040     DSP2803x_GlobalVariableDefs.obj (ECanaLAMRegsFile)

ECanaMOTSRegsFile 
*          1    00006080    00000040     UNINITIALIZED
                  00006080    00000040     DSP2803x_GlobalVariableDefs.obj (ECanaMOTSRegsFile)

ECanaMOTORegsFile 
*          1    000060c0    00000040     UNINITIALIZED
                  000060c0    00000040     DSP2803x_GlobalVariableDefs.obj (ECanaMOTORegsFile)

ECanaMboxesFile 
*          1    00006100    00000100     UNINITIALIZED
                  00006100    00000100     DSP2803x_GlobalVariableDefs.obj (ECanaMboxesFile)

Comp1RegsFile 
*          1    00006400    00000011     UNINITIALIZED
                  00006400    00000011     DSP2803x_GlobalVariableDefs.obj (Comp1RegsFile)

Comp2RegsFile 
*          1    00006420    00000011     UNINITIALIZED
                  00006420    00000011     DSP2803x_GlobalVariableDefs.obj (Comp2RegsFile)

Comp3RegsFile 
*          1    00006440    00000011     UNINITIALIZED
                  00006440    00000011     DSP2803x_GlobalVariableDefs.obj (Comp3RegsFile)

EPwm1RegsFile 
*          1    00006800    0000003a     UNINITIALIZED
                  00006800    0000003a     DSP2803x_GlobalVariableDefs.obj (EPwm1RegsFile)

EPwm2RegsFile 
*          1    00006840    0000003a     UNINITIALIZED
                  00006840    0000003a     DSP2803x_GlobalVariableDefs.obj (EPwm2RegsFile)

EPwm3RegsFile 
*          1    00006880    0000003a     UNINITIALIZED
                  00006880    0000003a     DSP2803x_GlobalVariableDefs.obj (EPwm3RegsFile)

EPwm4RegsFile 
*          1    000068c0    0000003a     UNINITIALIZED
                  000068c0    0000003a     DSP2803x_GlobalVariableDefs.obj (EPwm4RegsFile)

EPwm5RegsFile 
*          1    00006900    0000003a     UNINITIALIZED
                  00006900    0000003a     DSP2803x_GlobalVariableDefs.obj (EPwm5RegsFile)

EPwm6RegsFile 
*          1    00006940    0000003a     UNINITIALIZED
                  00006940    0000003a     DSP2803x_GlobalVariableDefs.obj (EPwm6RegsFile)

EPwm7RegsFile 
*          1    00006980    0000003a     UNINITIALIZED
                  00006980    0000003a     DSP2803x_GlobalVariableDefs.obj (EPwm7RegsFile)

ECap1RegsFile 
*          1    00006a00    00000020     UNINITIALIZED
                  00006a00    00000020     DSP2803x_GlobalVariableDefs.obj (ECap1RegsFile)

EQep1RegsFile 
*          1    00006b00    00000040     UNINITIALIZED
                  00006b00    00000040     DSP2803x_GlobalVariableDefs.obj (EQep1RegsFile)

LinaRegsFile 
*          1    00006c00    0000004a     UNINITIALIZED
                  00006c00    0000004a     DSP2803x_GlobalVariableDefs.obj (LinaRegsFile)

GpioCtrlRegsFile 
*          1    00006f80    00000040     UNINITIALIZED
                  00006f80    00000040     DSP2803x_GlobalVariableDefs.obj (GpioCtrlRegsFile)

GpioDataRegsFile 
*          1    00006fc0    00000020     UNINITIALIZED
                  00006fc0    00000020     DSP2803x_GlobalVariableDefs.obj (GpioDataRegsFile)

GpioIntRegsFile 
*          1    00006fe0    0000000c     UNINITIALIZED
                  00006fe0    0000000c     DSP2803x_GlobalVariableDefs.obj (GpioIntRegsFile)

SysCtrlRegsFile 
*          1    00007010    00000020     UNINITIALIZED
                  00007010    00000020     DSP2803x_GlobalVariableDefs.obj (SysCtrlRegsFile)

SpiaRegsFile 
*          1    00007040    00000010     UNINITIALIZED
                  00007040    00000010     DSP2803x_GlobalVariableDefs.obj (SpiaRegsFile)

SciaRegsFile 
*          1    00007050    00000010     UNINITIALIZED
                  00007050    00000010     DSP2803x_GlobalVariableDefs.obj (SciaRegsFile)

NmiIntruptRegsFile 
*          1    00007060    00000010     UNINITIALIZED
                  00007060    00000010     DSP2803x_GlobalVariableDefs.obj (NmiIntruptRegsFile)

XIntruptRegsFile 
*          1    00007070    00000010     UNINITIALIZED
                  00007070    00000010     DSP2803x_GlobalVariableDefs.obj (XIntruptRegsFile)

AdcRegsFile 
*          1    00007100    00000050     UNINITIALIZED
                  00007100    00000050     DSP2803x_GlobalVariableDefs.obj (AdcRegsFile)

SpibRegsFile 
*          1    00007740    00000010     UNINITIALIZED
                  00007740    00000010     DSP2803x_GlobalVariableDefs.obj (SpibRegsFile)

I2caRegsFile 
*          1    00007900    00000022     UNINITIALIZED
                  00007900    00000022     DSP2803x_GlobalVariableDefs.obj (I2caRegsFile)

PartIdRegsFile 
*          1    003d7e80    00000001     UNINITIALIZED
                  003d7e80    00000001     DSP2803x_GlobalVariableDefs.obj (PartIdRegsFile)

CsmPwlFile 
*          1    003f7ff8    00000008     UNINITIALIZED
                  003f7ff8    00000008     DSP2803x_GlobalVariableDefs.obj (CsmPwlFile)

.pinit     0    00000050    00000000     UNINITIALIZED

.reset     0    003fffc0    00000002     DSECT
                  003fffc0    00000002     rts2800_ml.lib : boot28.asm.obj (.reset)

.stack     1    00000480    00000380     UNINITIALIZED
                  00000480    00000380     --HOLE--

.ebss      1    00009b20    00000203     UNINITIALIZED
                  00009b20    00000010     HVPM_Sensorless.obj (.ebss:_ACQPS)
                  00009b30    00000010     HVPM_Sensorless.obj (.ebss:_ChSel)
                  00009b40    000001a4     HVPM_Sensorless.obj (.ebss)
                  00009ce4    00000010     HVPM_Sensorless.obj (.ebss:_TrigSel)
                  00009cf4    00000006     rts2800_ml.lib : exit.c.obj (.ebss)
                  00009cfa    00000004     HVPM_Sensorless.obj (.ebss:_VTimer0)
                  00009cfe    00000002     rts2800_ml.lib : _lock.c.obj (.ebss:__lock)
                  00009d00    00000010     HVPM_Sensorless.obj (.ebss:_ePWM)
                  00009d10    00000004     HVPM_Sensorless.obj (.ebss:_VTimer1)
                  00009d14    00000004     HVPM_Sensorless.obj (.ebss:_VTimer2)
                  00009d18    00000004     HVPM_Sensorless.obj (.ebss:_eCAP)
                  00009d1c    00000004     HVPM_Sensorless.obj (.ebss:_eQEP)
                  00009d20    00000002     rts2800_ml.lib : _lock.c.obj (.ebss:__unlock)
                  00009d22    00000001                    : errno.c.obj (.ebss)

.econst    1    00009d24    00000028     
                  00009d24    00000010     rts2800_ml.lib : e_expf.c.obj (.econst)
                  00009d34    0000000c     HVPM_Sensorless.obj (.econst)
                  00009d40    00000004     rts2800_ml.lib : e_expf.c.obj (.econst:_halF)
                  00009d44    00000004                    : e_expf.c.obj (.econst:_ln2HI)
                  00009d48    00000004                    : e_expf.c.obj (.econst:_ln2LO)

IQmath     0    000092ef    000000d8     
                  000092ef    00000088     IQmath.lib : IQ24atan2PU.obj (IQmath)
                  00009377    00000029                : IQ24sinPU.obj (IQmath)
                  000093a0    00000027                : IQ24cosPU.obj (IQmath)

IQmathTables 
*          0    003fe000    00000b50     NOLOAD SECTION
                  003fe000    00000b50     IQmath.lib : IQmathTables.obj (IQmathTables)

DLOG       1    00009800    00000320     UNINITIALIZED
                  00009800    00000320     DLOG4CHC.obj (DLOG)

MODULE SUMMARY

       Module                               code   initialized data   uninitialized data
       ------                               ----   ----------------   ------------------
    .\
       HVPM_Sensorless.obj                  3087   573                504               
       DSP2803x_GlobalVariableDefs.obj      0      0                  1909              
       DLOG4CHC.obj                         75     0                  800               
       HVPM_Sensorless-DevInit_F2803x.obj   450    0                  0                 
       DSP2803x_CodeStartBranch.obj         10     0                  0                 
       DSP2803x_usDelay.obj                 4      0                  0                 
    +--+------------------------------------+------+------------------+--------------------+
       Total:                               3626   573                3213              
                                                                                        
    D:/ti/ccs1220/ccs/tools/compiler/ti-cgt-c2000_22.6.0.LTS/lib/rts2800_ml.lib
       e_expf.c.obj                         337    28                 0                 
       fd_mpy28.asm.obj                     131    0                  0                 
       fs_div28.asm.obj                     131    0                  0                 
       fs_add28.asm.obj                     120    0                  0                 
       fs_mpy28.asm.obj                     90     0                  0                 
       boot28.asm.obj                       84     0                  0                 
       exit.c.obj                           41     14                 6                 
       fs_tol28.asm.obj                     41     0                  0                 
       cpy_tbl.c.obj                        36     0                  0                 
       fd_tol28.asm.obj                     31     0                  0                 
       fs_tou28.asm.obj                     29     0                  0                 
       memcpy.c.obj                         29     0                  0                 
       fs_tofd28.asm.obj                    28     0                  0                 
       l_tofs28.asm.obj                     26     0                  0                 
       _lock.c.obj                          9      10                 4                 
       fs_cmp28.asm.obj                     23     0                  0                 
       args_main.c.obj                      17     0                  0                 
       u_tofs28.asm.obj                     16     0                  0                 
       errno.c.obj                          0      4                  1                 
       fs_neg28.asm.obj                     5      0                  0                 
       pre_init.c.obj                       2      0                  0                 
       startup.c.obj                        1      0                  0                 
    +--+------------------------------------+------+------------------+--------------------+
       Total:                               1227   56                 11                
                                                                                        
    D:/ti/controlSUITE/libs/math/IQmath/v15c/lib/IQmath.lib
       IQmathTables.obj                     0      2896               0                 
       IQ24atan2PU.obj                      0      136                0                 
       IQ24sinPU.obj                        0      41                 0                 
       IQ24cosPU.obj                        0      39                 0                 
    +--+------------------------------------+------+------------------+--------------------+
       Total:                               0      3112               0                 
                                                                                        
       Stack:                               0      0                  896               
    +--+------------------------------------+------+------------------+--------------------+
       Grand Total:                         4853   3741               4120              


GLOBAL DATA SYMBOLS: SORTED BY DATA PAGE

address     data page           name
--------    ----------------    ----
00000480      12 (00000480)     __stack

00000880      22 (00000880)     _DevEmuRegs

00000985      26 (00000980)     _SysPwrCtrlRegs

00000a80      2a (00000a80)     _FlashRegs

00000ae0      2b (00000ac0)     _CsmRegs

00000b00      2c (00000b00)     _AdcResult

00000c00      30 (00000c00)     _CpuTimer0Regs
00000c08      30 (00000c00)     _CpuTimer1Regs
00000c10      30 (00000c00)     _CpuTimer2Regs

00000ce0      33 (00000cc0)     _PieCtrlRegs

00000d00      34 (00000d00)     _EmuKey
00000d00      34 (00000d00)     _PieVectTable
00000d01      34 (00000d00)     _EmuBMode
00000d02      34 (00000d00)     _Flash_CallbackPtr
00000d04      34 (00000d00)     _Flash_CPUScaleFactor

00001400      50 (00001400)     _Cla1Regs

00006000     180 (00006000)     _ECanaRegs

00006040     181 (00006040)     _ECanaLAMRegs

00006080     182 (00006080)     _ECanaMOTSRegs

000060c0     183 (000060c0)     _ECanaMOTORegs

00006100     184 (00006100)     _ECanaMboxes

00006400     190 (00006400)     _Comp1Regs
00006420     190 (00006400)     _Comp2Regs

00006440     191 (00006440)     _Comp3Regs

00006800     1a0 (00006800)     _EPwm1Regs

00006840     1a1 (00006840)     _EPwm2Regs

00006880     1a2 (00006880)     _EPwm3Regs

000068c0     1a3 (000068c0)     _EPwm4Regs

00006900     1a4 (00006900)     _EPwm5Regs

00006940     1a5 (00006940)     _EPwm6Regs

00006980     1a6 (00006980)     _EPwm7Regs

00006a00     1a8 (00006a00)     _ECap1Regs

00006b00     1ac (00006b00)     _EQep1Regs

00006c00     1b0 (00006c00)     _LinaRegs

00006f80     1be (00006f80)     _GpioCtrlRegs

00006fc0     1bf (00006fc0)     _GpioDataRegs
00006fe0     1bf (00006fc0)     _GpioIntRegs

00007010     1c0 (00007000)     _SysCtrlRegs

00007040     1c1 (00007040)     _SpiaRegs
00007050     1c1 (00007040)     _SciaRegs
00007060     1c1 (00007040)     _NmiIntruptRegs
00007070     1c1 (00007040)     _XIntruptRegs

00007100     1c4 (00007100)     _AdcRegs

00007740     1dd (00007740)     _SpibRegs

00007900     1e4 (00007900)     _I2caRegs

000092ef     24b (000092c0)     __IQ24atan2PU

00009377     24d (00009340)     __IQ24sinPU

000093a0     24e (00009380)     __IQ24cosPU

00009b20     26c (00009b00)     _ACQPS
00009b30     26c (00009b00)     _ChSel

00009b40     26d (00009b40)     _SerialCommsTimer
00009b41     26d (00009b40)     _OffsetFlag
00009b42     26d (00009b40)     _BackTicker
00009b43     26d (00009b40)     _lsw
00009b44     26d (00009b40)     _TripFlagDMC
00009b45     26d (00009b40)     _DlogCh1
00009b46     26d (00009b40)     _DlogCh2
00009b47     26d (00009b40)     _DlogCh3
00009b48     26d (00009b40)     _DlogCh4
00009b49     26d (00009b40)     _EnableFlag
00009b4a     26d (00009b40)     _LockRotorFlag
00009b4b     26d (00009b40)     _SpeedLoopPrescaler
00009b4c     26d (00009b40)     _SpeedLoopCount
00009b4e     26d (00009b40)     _Alpha_State_Ptr
00009b50     26d (00009b40)     _A_Task_Ptr
00009b52     26d (00009b40)     _B_Task_Ptr
00009b54     26d (00009b40)     _C_Task_Ptr
00009b56     26d (00009b40)     _offsetA
00009b58     26d (00009b40)     _offsetB
00009b5a     26d (00009b40)     _offsetC
00009b5c     26d (00009b40)     _K1
00009b5e     26d (00009b40)     _K2
00009b60     26d (00009b40)     _VdTesting
00009b62     26d (00009b40)     _VqTesting
00009b64     26d (00009b40)     _IdRef
00009b66     26d (00009b40)     _IqRef
00009b68     26d (00009b40)     _SpeedRef
00009b6a     26d (00009b40)     _T
00009b6c     26d (00009b40)     _IsrTicker
00009b6e     26d (00009b40)     _pwmdac1
00009b74     26d (00009b40)     _clarke1

00009b80     26e (00009b80)     _pwm1
00009b8a     26e (00009b80)     _rg1
00009b96     26e (00009b80)     _smo1_const
00009ba4     26e (00009b80)     _park1
00009bb2     26e (00009b80)     _ipark1

00009bc0     26f (00009bc0)     _rc1
00009bd0     26f (00009bc0)     _qep1
00009be2     26f (00009bc0)     _svgen1

00009c00     270 (00009c00)     _speed3
00009c12     270 (00009c00)     _speed1
00009c26     270 (00009c00)     _volt1

00009c40     271 (00009c40)     _dlog
00009c56     271 (00009c40)     _pi_spd

00009c80     272 (00009c80)     _pi_id
00009c98     272 (00009c80)     _pi_iq

00009cc0     273 (00009cc0)     _smo1
00009ce4     273 (00009cc0)     _TrigSel
00009cf4     273 (00009cc0)     ___TI_enable_exit_profile_output
00009cf6     273 (00009cc0)     ___TI_cleanup_ptr
00009cf8     273 (00009cc0)     ___TI_dtors_ptr
00009cfa     273 (00009cc0)     _VTimer0
00009cfe     273 (00009cc0)     __lock

00009d00     274 (00009d00)     _ePWM
00009d10     274 (00009d00)     _VTimer1
00009d14     274 (00009d00)     _VTimer2
00009d18     274 (00009d00)     _eCAP
00009d1c     274 (00009d00)     _eQEP
00009d20     274 (00009d00)     __unlock
00009d22     274 (00009d00)     _errno

003d7e80    f5fa (003d7e80)     _PartIdRegs

003f7ff8    fdff (003f7fc0)     _CsmPwl

003fe000    ff80 (003fe000)     _IQsinTable

003fe100    ff84 (003fe100)     _IQcosTable

003fe400    ff90 (003fe400)     _IQsinTableEnd

003fe502    ff94 (003fe500)     _IQcosTableEnd
003fe502    ff94 (003fe500)     _IQdivRoundSatTable
003fe510    ff94 (003fe500)     _IQdivTable

003fe712    ff9c (003fe700)     _IQdivTableEnd
003fe712    ff9c (003fe700)     _IQisqrtRoundSatTable
003fe712    ff9c (003fe700)     _IQsqrtRoundSatTable
003fe722    ff9c (003fe700)     _IQisqrtTable
003fe722    ff9c (003fe700)     _IQsqrtTable

003fe824    ffa0 (003fe800)     _IQatan2HalfPITable
003fe824    ffa0 (003fe800)     _IQisqrtTableEnd
003fe824    ffa0 (003fe800)     _IQsqrtTableEnd

003fe862    ffa1 (003fe840)     _IQatan2Table

003fe9e8    ffa7 (003fe9c0)     _IQ30mpyRndSatTable
003fe9e8    ffa7 (003fe9c0)     _IQatan2TableEnd
003fe9e8    ffa7 (003fe9c0)     _IQmpyRndSatTable
003fe9f4    ffa7 (003fe9c0)     _IQ29mpyRndSatTable

003fea00    ffa8 (003fea00)     _IQ28mpyRndSatTable
003fea0c    ffa8 (003fea00)     _IQ27mpyRndSatTable
003fea18    ffa8 (003fea00)     _IQ26mpyRndSatTable
003fea24    ffa8 (003fea00)     _IQ25mpyRndSatTable
003fea30    ffa8 (003fea00)     _IQ24mpyRndSatTable
003fea3c    ffa8 (003fea00)     _IQ23mpyRndSatTable

003fea48    ffa9 (003fea40)     _IQ22mpyRndSatTable
003fea54    ffa9 (003fea40)     _IQ21mpyRndSatTable
003fea60    ffa9 (003fea40)     _IQ20mpyRndSatTable
003fea6c    ffa9 (003fea40)     _IQ19mpyRndSatTable
003fea78    ffa9 (003fea40)     _IQ18mpyRndSatTable

003fea84    ffaa (003fea80)     _IQ17mpyRndSatTable
003fea90    ffaa (003fea80)     _IQ16mpyRndSatTable
003fea9c    ffaa (003fea80)     _IQ15mpyRndSatTable
003feaa8    ffaa (003fea80)     _IQ14mpyRndSatTable
003feab4    ffaa (003fea80)     _IQ13mpyRndSatTable

003feac0    ffab (003feac0)     _IQ12mpyRndSatTable
003feacc    ffab (003feac0)     _IQ11mpyRndSatTable
003fead8    ffab (003feac0)     _IQ10mpyRndSatTable
003feae4    ffab (003feac0)     _IQ9mpyRndSatTable
003feaf0    ffab (003feac0)     _IQ8mpyRndSatTable
003feafc    ffab (003feac0)     _IQ7mpyRndSatTable

003feb08    ffac (003feb00)     _IQ6mpyRndSatTable
003feb14    ffac (003feb00)     _IQ5mpyRndSatTable
003feb20    ffac (003feb00)     _IQ4mpyRndSatTable
003feb2c    ffac (003feb00)     _IQ3mpyRndSatTable
003feb38    ffac (003feb00)     _IQ2mpyRndSatTable

003feb44    ffad (003feb40)     _IQ1mpyRndSatTable
003feb50    ffad (003feb40)     _IQmpyRndSatTableEnd


GLOBAL SYMBOLS: SORTED ALPHABETICALLY BY Name 

page  address   name                            
----  -------   ----                            
0     00008000  .text                           
0     00009194  C$$EXIT                         
0     00008f1d  FD$$MPY                         
0     0000920a  FD$$TOL                         
0     00009028  FS$$ADD                         
0     00009299  FS$$CMP                         
0     00008fa0  FS$$DIV                         
0     0000909b  FS$$MPY                         
0     000092e7  FS$$NEG                         
0     00009023  FS$$SUB                         
0     00009263  FS$$TOFD                        
0     000091bd  FS$$TOL                         
0     00009229  FS$$TOU                         
0     0000927f  L$$TOFS                         
0     000092c1  U$$TOFS                         
0     00008638  _A0                             
0     0000867d  _A1                             
0     0000868e  _A2                             
0     00008694  _A3                             
1     00009b20  _ACQPS                          
1     00009b50  _A_Task_Ptr                     
1     00007100  _AdcRegs                        
1     00000b00  _AdcResult                      
1     00009b4e  _Alpha_State_Ptr                
0     00008651  _B0                             
0     0000869a  _B1                             
0     000086a0  _B2                             
0     000086a6  _B3                             
1     00009b52  _B_Task_Ptr                     
1     00009b42  _BackTicker                     
0     00008667  _C0                             
0     000086ac  _C1                             
0     000086c1  _C2                             
0     000086c7  _C3                             
1     00009b54  _C_Task_Ptr                     
1     00009b30  _ChSel                          
1     00001400  _Cla1Regs                       
1     00006400  _Comp1Regs                      
1     00006420  _Comp2Regs                      
1     00006440  _Comp3Regs                      
1     00000c00  _CpuTimer0Regs                  
1     00000c08  _CpuTimer1Regs                  
1     00000c10  _CpuTimer2Regs                  
1     003f7ff8  _CsmPwl                         
1     00000ae0  _CsmRegs                        
0     00009149  _DLOG_4CH_init                  
0     00009154  _DLOG_4CH_update                
0     0000029f  _DSP28x_usDelay                 
1     00000880  _DevEmuRegs                     
0     00008c0f  _DeviceInit                     
1     00009b45  _DlogCh1                        
1     00009b46  _DlogCh2                        
1     00009b47  _DlogCh3                        
1     00009b48  _DlogCh4                        
1     00006040  _ECanaLAMRegs                   
1     000060c0  _ECanaMOTORegs                  
1     00006080  _ECanaMOTSRegs                  
1     00006100  _ECanaMboxes                    
1     00006000  _ECanaRegs                      
1     00006a00  _ECap1Regs                      
1     00006800  _EPwm1Regs                      
1     00006840  _EPwm2Regs                      
1     00006880  _EPwm3Regs                      
1     000068c0  _EPwm4Regs                      
1     00006900  _EPwm5Regs                      
1     00006940  _EPwm6Regs                      
1     00006980  _EPwm7Regs                      
1     00006b00  _EQep1Regs                      
1     00000d01  _EmuBMode                       
1     00000d00  _EmuKey                         
1     00009b49  _EnableFlag                     
1     00000a80  _FlashRegs                      
1     00000d04  _Flash_CPUScaleFactor           
1     00000d02  _Flash_CallbackPtr              
1     00006f80  _GpioCtrlRegs                   
1     00006fc0  _GpioDataRegs                   
1     00006fe0  _GpioIntRegs                    
0     000086cd  _HVDMC_Protection               
1     00007900  _I2caRegs                       
0     003fead8  _IQ10mpyRndSatTable             
0     003feacc  _IQ11mpyRndSatTable             
0     003feac0  _IQ12mpyRndSatTable             
0     003feab4  _IQ13mpyRndSatTable             
0     003feaa8  _IQ14mpyRndSatTable             
0     003fea9c  _IQ15mpyRndSatTable             
0     003fea90  _IQ16mpyRndSatTable             
0     003fea84  _IQ17mpyRndSatTable             
0     003fea78  _IQ18mpyRndSatTable             
0     003fea6c  _IQ19mpyRndSatTable             
0     003feb44  _IQ1mpyRndSatTable              
0     003fea60  _IQ20mpyRndSatTable             
0     003fea54  _IQ21mpyRndSatTable             
0     003fea48  _IQ22mpyRndSatTable             
0     003fea3c  _IQ23mpyRndSatTable             
0     003fea30  _IQ24mpyRndSatTable             
0     003fea24  _IQ25mpyRndSatTable             
0     003fea18  _IQ26mpyRndSatTable             
0     003fea0c  _IQ27mpyRndSatTable             
0     003fea00  _IQ28mpyRndSatTable             
0     003fe9f4  _IQ29mpyRndSatTable             
0     003feb38  _IQ2mpyRndSatTable              
0     003fe9e8  _IQ30mpyRndSatTable             
0     003feb2c  _IQ3mpyRndSatTable              
0     003feb20  _IQ4mpyRndSatTable              
0     003feb14  _IQ5mpyRndSatTable              
0     003feb08  _IQ6mpyRndSatTable              
0     003feafc  _IQ7mpyRndSatTable              
0     003feaf0  _IQ8mpyRndSatTable              
0     003feae4  _IQ9mpyRndSatTable              
0     003fe824  _IQatan2HalfPITable             
0     003fe862  _IQatan2Table                   
0     003fe9e8  _IQatan2TableEnd                
0     003fe100  _IQcosTable                     
0     003fe502  _IQcosTableEnd                  
0     003fe502  _IQdivRoundSatTable             
0     003fe510  _IQdivTable                     
0     003fe712  _IQdivTableEnd                  
0     003fe712  _IQisqrtRoundSatTable           
0     003fe722  _IQisqrtTable                   
0     003fe824  _IQisqrtTableEnd                
0     003fe9e8  _IQmpyRndSatTable               
0     003feb50  _IQmpyRndSatTableEnd            
0     003fe000  _IQsinTable                     
0     003fe400  _IQsinTableEnd                  
0     003fe712  _IQsqrtRoundSatTable            
0     003fe722  _IQsqrtTable                    
0     003fe824  _IQsqrtTableEnd                 
0     000092e2  _ISR_ILLEGAL                    
1     00009b64  _IdRef                          
1     00009b66  _IqRef                          
1     00009b6c  _IsrTicker                      
1     00009b5c  _K1                             
1     00009b5e  _K2                             
1     00006c00  _LinaRegs                       
1     00009b4a  _LockRotorFlag                  
0     00008713  _MainISR                        
0     00008db9  _MemCopy                        
1     00007060  _NmiIntruptRegs                 
1     00009b41  _OffsetFlag                     
0     00008ba5  _OffsetISR                      
0     00008d44  _PLLset                         
1     003d7e80  _PartIdRegs                     
0     00008d7e  _PieCntlInit                    
1     00000ce0  _PieCtrlRegs                    
1     00000d00  _PieVectTable                   
0     00008d9d  _PieVectTableInit               
1     00007050  _SciaRegs                       
1     00009b40  _SerialCommsTimer               
1     00009b4c  _SpeedLoopCount                 
1     00009b4b  _SpeedLoopPrescaler             
1     00009b68  _SpeedRef                       
1     00007040  _SpiaRegs                       
1     00007740  _SpibRegs                       
1     00007010  _SysCtrlRegs                    
1     00000985  _SysPwrCtrlRegs                 
1     00009b6a  _T                              
1     00009ce4  _TrigSel                        
1     00009b44  _TripFlagDMC                    
1     00009cfa  _VTimer0                        
1     00009d10  _VTimer1                        
1     00009d14  _VTimer2                        
1     00009b60  _VdTesting                      
1     00009b62  _VqTesting                      
0     00008d3c  _WDogDisable                    
1     00007070  _XIntruptRegs                   
0     000092ef  __IQ24atan2PU                   
0     000093a0  __IQ24cosPU                     
0     00009377  __IQ24sinPU                     
1     00000800  __STACK_END                     
abs   00000380  __STACK_SIZE                    
1     00009cf6  ___TI_cleanup_ptr               
1     00009cf8  ___TI_dtors_ptr                 
1     00009cf4  ___TI_enable_exit_profile_output
abs   ffffffff  ___TI_pprof_out_hndl            
abs   ffffffff  ___TI_prof_data_size            
abs   ffffffff  ___TI_prof_data_start           
abs   ffffffff  ___binit__                      
abs   ffffffff  ___c_args__                     
0     00000050  ___cinit__                      
0     000092ef  ___etext__                      
abs   ffffffff  ___pinit__                      
0     00008000  ___text__                       
0     000092b0  __args_main                     
1     00009cfe  __lock                          
0     000092d9  __nop                           
0     000092d5  __register_lock                 
0     000092d1  __register_unlock               
1     00000480  __stack                         
0     000092ee  __system_post_cinit             
0     000092ec  __system_pre_init               
1     00009d20  __unlock                        
0     00009194  _abort                          
0     000090f5  _c_int00                        
1     00009b74  _clarke1                        
0     000091e6  _copy_in                        
1     00009c40  _dlog                           
1     00009d18  _eCAP                           
1     00009d00  _ePWM                           
1     00009d1c  _eQEP                           
1     00009d22  _errno                          
0     00009196  _exit                           
0     00008dcc  _exp                            
0     00008dcc  _expf                           
1     00009bb2  _ipark1                         
1     00009b43  _lsw                            
0     00008000  _main                           
0     00009246  _memcpy                         
1     00009b56  _offsetA                        
1     00009b58  _offsetB                        
1     00009b5a  _offsetC                        
1     00009ba4  _park1                          
1     00009c80  _pi_id                          
1     00009c98  _pi_iq                          
1     00009c56  _pi_spd                         
1     00009b80  _pwm1                           
1     00009b6e  _pwmdac1                        
1     00009bd0  _qep1                           
1     00009bc0  _rc1                            
1     00009b8a  _rg1                            
1     00009cc0  _smo1                           
1     00009b96  _smo1_const                     
1     00009c12  _speed1                         
1     00009c00  _speed3                         
1     00009be2  _svgen1                         
1     00009c26  _volt1                          
abs   ffffffff  binit                           
0     00000050  cinit                           
0     00000000  code_start                      
0     000092ef  etext                           
abs   ffffffff  pinit                           


GLOBAL SYMBOLS: SORTED BY Symbol Address 

page  address   name                            
----  -------   ----                            
0     00000000  code_start                      
0     00000050  ___cinit__                      
0     00000050  cinit                           
0     0000029f  _DSP28x_usDelay                 
0     00008000  .text                           
0     00008000  ___text__                       
0     00008000  _main                           
0     00008638  _A0                             
0     00008651  _B0                             
0     00008667  _C0                             
0     0000867d  _A1                             
0     0000868e  _A2                             
0     00008694  _A3                             
0     0000869a  _B1                             
0     000086a0  _B2                             
0     000086a6  _B3                             
0     000086ac  _C1                             
0     000086c1  _C2                             
0     000086c7  _C3                             
0     000086cd  _HVDMC_Protection               
0     00008713  _MainISR                        
0     00008ba5  _OffsetISR                      
0     00008c0f  _DeviceInit                     
0     00008d3c  _WDogDisable                    
0     00008d44  _PLLset                         
0     00008d7e  _PieCntlInit                    
0     00008d9d  _PieVectTableInit               
0     00008db9  _MemCopy                        
0     00008dcc  _exp                            
0     00008dcc  _expf                           
0     00008f1d  FD$$MPY                         
0     00008fa0  FS$$DIV                         
0     00009023  FS$$SUB                         
0     00009028  FS$$ADD                         
0     0000909b  FS$$MPY                         
0     000090f5  _c_int00                        
0     00009149  _DLOG_4CH_init                  
0     00009154  _DLOG_4CH_update                
0     00009194  C$$EXIT                         
0     00009194  _abort                          
0     00009196  _exit                           
0     000091bd  FS$$TOL                         
0     000091e6  _copy_in                        
0     0000920a  FD$$TOL                         
0     00009229  FS$$TOU                         
0     00009246  _memcpy                         
0     00009263  FS$$TOFD                        
0     0000927f  L$$TOFS                         
0     00009299  FS$$CMP                         
0     000092b0  __args_main                     
0     000092c1  U$$TOFS                         
0     000092d1  __register_unlock               
0     000092d5  __register_lock                 
0     000092d9  __nop                           
0     000092e2  _ISR_ILLEGAL                    
0     000092e7  FS$$NEG                         
0     000092ec  __system_pre_init               
0     000092ee  __system_post_cinit             
0     000092ef  __IQ24atan2PU                   
0     000092ef  ___etext__                      
0     000092ef  etext                           
0     00009377  __IQ24sinPU                     
0     000093a0  __IQ24cosPU                     
0     003fe000  _IQsinTable                     
0     003fe100  _IQcosTable                     
0     003fe400  _IQsinTableEnd                  
0     003fe502  _IQcosTableEnd                  
0     003fe502  _IQdivRoundSatTable             
0     003fe510  _IQdivTable                     
0     003fe712  _IQdivTableEnd                  
0     003fe712  _IQisqrtRoundSatTable           
0     003fe712  _IQsqrtRoundSatTable            
0     003fe722  _IQisqrtTable                   
0     003fe722  _IQsqrtTable                    
0     003fe824  _IQatan2HalfPITable             
0     003fe824  _IQisqrtTableEnd                
0     003fe824  _IQsqrtTableEnd                 
0     003fe862  _IQatan2Table                   
0     003fe9e8  _IQ30mpyRndSatTable             
0     003fe9e8  _IQatan2TableEnd                
0     003fe9e8  _IQmpyRndSatTable               
0     003fe9f4  _IQ29mpyRndSatTable             
0     003fea00  _IQ28mpyRndSatTable             
0     003fea0c  _IQ27mpyRndSatTable             
0     003fea18  _IQ26mpyRndSatTable             
0     003fea24  _IQ25mpyRndSatTable             
0     003fea30  _IQ24mpyRndSatTable             
0     003fea3c  _IQ23mpyRndSatTable             
0     003fea48  _IQ22mpyRndSatTable             
0     003fea54  _IQ21mpyRndSatTable             
0     003fea60  _IQ20mpyRndSatTable             
0     003fea6c  _IQ19mpyRndSatTable             
0     003fea78  _IQ18mpyRndSatTable             
0     003fea84  _IQ17mpyRndSatTable             
0     003fea90  _IQ16mpyRndSatTable             
0     003fea9c  _IQ15mpyRndSatTable             
0     003feaa8  _IQ14mpyRndSatTable             
0     003feab4  _IQ13mpyRndSatTable             
0     003feac0  _IQ12mpyRndSatTable             
0     003feacc  _IQ11mpyRndSatTable             
0     003fead8  _IQ10mpyRndSatTable             
0     003feae4  _IQ9mpyRndSatTable              
0     003feaf0  _IQ8mpyRndSatTable              
0     003feafc  _IQ7mpyRndSatTable              
0     003feb08  _IQ6mpyRndSatTable              
0     003feb14  _IQ5mpyRndSatTable              
0     003feb20  _IQ4mpyRndSatTable              
0     003feb2c  _IQ3mpyRndSatTable              
0     003feb38  _IQ2mpyRndSatTable              
0     003feb44  _IQ1mpyRndSatTable              
0     003feb50  _IQmpyRndSatTableEnd            
1     00000480  __stack                         
1     00000800  __STACK_END                     
1     00000880  _DevEmuRegs                     
1     00000985  _SysPwrCtrlRegs                 
1     00000a80  _FlashRegs                      
1     00000ae0  _CsmRegs                        
1     00000b00  _AdcResult                      
1     00000c00  _CpuTimer0Regs                  
1     00000c08  _CpuTimer1Regs                  
1     00000c10  _CpuTimer2Regs                  
1     00000ce0  _PieCtrlRegs                    
1     00000d00  _EmuKey                         
1     00000d00  _PieVectTable                   
1     00000d01  _EmuBMode                       
1     00000d02  _Flash_CallbackPtr              
1     00000d04  _Flash_CPUScaleFactor           
1     00001400  _Cla1Regs                       
1     00006000  _ECanaRegs                      
1     00006040  _ECanaLAMRegs                   
1     00006080  _ECanaMOTSRegs                  
1     000060c0  _ECanaMOTORegs                  
1     00006100  _ECanaMboxes                    
1     00006400  _Comp1Regs                      
1     00006420  _Comp2Regs                      
1     00006440  _Comp3Regs                      
1     00006800  _EPwm1Regs                      
1     00006840  _EPwm2Regs                      
1     00006880  _EPwm3Regs                      
1     000068c0  _EPwm4Regs                      
1     00006900  _EPwm5Regs                      
1     00006940  _EPwm6Regs                      
1     00006980  _EPwm7Regs                      
1     00006a00  _ECap1Regs                      
1     00006b00  _EQep1Regs                      
1     00006c00  _LinaRegs                       
1     00006f80  _GpioCtrlRegs                   
1     00006fc0  _GpioDataRegs                   
1     00006fe0  _GpioIntRegs                    
1     00007010  _SysCtrlRegs                    
1     00007040  _SpiaRegs                       
1     00007050  _SciaRegs                       
1     00007060  _NmiIntruptRegs                 
1     00007070  _XIntruptRegs                   
1     00007100  _AdcRegs                        
1     00007740  _SpibRegs                       
1     00007900  _I2caRegs                       
1     00009b20  _ACQPS                          
1     00009b30  _ChSel                          
1     00009b40  _SerialCommsTimer               
1     00009b41  _OffsetFlag                     
1     00009b42  _BackTicker                     
1     00009b43  _lsw                            
1     00009b44  _TripFlagDMC                    
1     00009b45  _DlogCh1                        
1     00009b46  _DlogCh2                        
1     00009b47  _DlogCh3                        
1     00009b48  _DlogCh4                        
1     00009b49  _EnableFlag                     
1     00009b4a  _LockRotorFlag                  
1     00009b4b  _SpeedLoopPrescaler             
1     00009b4c  _SpeedLoopCount                 
1     00009b4e  _Alpha_State_Ptr                
1     00009b50  _A_Task_Ptr                     
1     00009b52  _B_Task_Ptr                     
1     00009b54  _C_Task_Ptr                     
1     00009b56  _offsetA                        
1     00009b58  _offsetB                        
1     00009b5a  _offsetC                        
1     00009b5c  _K1                             
1     00009b5e  _K2                             
1     00009b60  _VdTesting                      
1     00009b62  _VqTesting                      
1     00009b64  _IdRef                          
1     00009b66  _IqRef                          
1     00009b68  _SpeedRef                       
1     00009b6a  _T                              
1     00009b6c  _IsrTicker                      
1     00009b6e  _pwmdac1                        
1     00009b74  _clarke1                        
1     00009b80  _pwm1                           
1     00009b8a  _rg1                            
1     00009b96  _smo1_const                     
1     00009ba4  _park1                          
1     00009bb2  _ipark1                         
1     00009bc0  _rc1                            
1     00009bd0  _qep1                           
1     00009be2  _svgen1                         
1     00009c00  _speed3                         
1     00009c12  _speed1                         
1     00009c26  _volt1                          
1     00009c40  _dlog                           
1     00009c56  _pi_spd                         
1     00009c80  _pi_id                          
1     00009c98  _pi_iq                          
1     00009cc0  _smo1                           
1     00009ce4  _TrigSel                        
1     00009cf4  ___TI_enable_exit_profile_output
1     00009cf6  ___TI_cleanup_ptr               
1     00009cf8  ___TI_dtors_ptr                 
1     00009cfa  _VTimer0                        
1     00009cfe  __lock                          
1     00009d00  _ePWM                           
1     00009d10  _VTimer1                        
1     00009d14  _VTimer2                        
1     00009d18  _eCAP                           
1     00009d1c  _eQEP                           
1     00009d20  __unlock                        
1     00009d22  _errno                          
1     003d7e80  _PartIdRegs                     
1     003f7ff8  _CsmPwl                         
abs   00000380  __STACK_SIZE                    
abs   ffffffff  ___TI_pprof_out_hndl            
abs   ffffffff  ___TI_prof_data_size            
abs   ffffffff  ___TI_prof_data_start           
abs   ffffffff  ___binit__                      
abs   ffffffff  ___c_args__                     
abs   ffffffff  ___pinit__                      
abs   ffffffff  binit                           
abs   ffffffff  pinit                           

[230 symbols]
